// Jest Snapshot v1, https://goo.gl/fbAQLP

exports[`Test suites for ErrorBoundary component should match the snapshot 1`] = `
<DocumentFragment>
  <div
    class="app-error-container"
  >
    <h1>
      Oops! Something went wrong.
    </h1>
    <h2>
      Please try later again.
    </h2>
  </div>
</DocumentFragment>
`;
